sum: 7.5
sum: 60.0
